Traceback (most recent call last):
  File "D:\New folder\backend\test_chat.py", line 8, in run
    async for chunk in gen:
        pass
  File "D:\New folder\backend\agent.py", line 168, in agent_chat_stream
    app = create_react_agent(llm, tools)
  File "C:\Program Files\Python313\Lib\warnings.py", line 637, in wrapper
    return arg(*args, **kwargs)
  File "D:\New folder\.venv\Lib\site-packages\langgraph\prebuilt\chat_agent_executor.py", line 586, in create_react_agent
    model = cast(BaseChatModel, model).bind_tools(
        tool_classes + llm_builtin_tools  # type: ignore[operator]
    )
  File "D:\New folder\.venv\Lib\site-packages\langchain_core\language_models\chat_models.py", line 1566, in bind_tools
    raise NotImplementedError
NotImplementedError
